[INFO] Scanning for projects...
[INFO] 
[INFO] -------------------< com.cabinet:clemedice-backend >--------------------
[INFO] Building clemedice-backend 1.0.0
[INFO]   from pom.xml
[INFO] --------------------------------[ jar ]---------------------------------
[INFO] 
[INFO] >>> spring-boot:3.2.5:run (default-cli) > test-compile @ clemedice-backend >>>
[INFO] 
[INFO] --- resources:3.3.1:resources (default-resources) @ clemedice-backend ---
[INFO] Copying 1 resource from src\main\resources to target\classes
[INFO] Copying 0 resource from src\main\resources to target\classes
[INFO] 
[INFO] --- compiler:3.11.0:compile (default-compile) @ clemedice-backend ---
[INFO] Nothing to compile - all classes are up to date
[INFO] 
[INFO] --- resources:3.3.1:testResources (default-testResources) @ clemedice-backend ---
[INFO] skip non existing resourceDirectory C:\Users\HP\IdeaProjects\CleMedice\backend\src\test\resources
[INFO] 
[INFO] --- compiler:3.11.0:testCompile (default-testCompile) @ clemedice-backend ---
[INFO] No sources to compile
[INFO] 
[INFO] <<< spring-boot:3.2.5:run (default-cli) < test-compile @ clemedice-backend <<<
[INFO] 
[INFO] 
[INFO] --- spring-boot:3.2.5:run (default-cli) @ clemedice-backend ---
[INFO] Attaching agents: []

  .   ____          _            __ _ _
 /\\ / ___'_ __ _ _(_)_ __  __ _ \ \ \ \
( ( )\___ | '_ | '_| | '_ \/ _` | \ \ \ \
 \\/  ___)| |_)| | | | | || (_| |  ) ) ) )
  '  |____| .__|_| |_|_| |_\__, | / / / /
 =========|_|==============|___/=/_/_/_/
 :: Spring Boot ::                (v3.2.5)

2026-06-06T20:21:05.594+01:00  INFO 15412 --- [clemedice-backend] [           main] com.cabinet.CleMediceApplication         : Starting CleMediceApplication using Java 25.0.2 with PID 15412 (C:\Users\HP\IdeaProjects\CleMedice\backend\target\classes started by HP in C:\Users\HP\IdeaProjects\CleMedice\backend)
2026-06-06T20:21:05.601+01:00  INFO 15412 --- [clemedice-backend] [           main] com.cabinet.CleMediceApplication         : No active profile set, falling back to 1 default profile: "default"
2026-06-06T20:21:07.352+01:00  INFO 15412 --- [clemedice-backend] [           main] .s.d.r.c.RepositoryConfigurationDelegate : Bootstrapping Spring Data JPA repositories in DEFAULT mode.
2026-06-06T20:21:07.563+01:00  INFO 15412 --- [clemedice-backend] [           main] .s.d.r.c.RepositoryConfigurationDelegate : Finished Spring Data repository scanning in 187 ms. Found 7 JPA repository interfaces.
WARNING: A restricted method in java.lang.System has been called
WARNING: java.lang.System::load has been called by org.apache.tomcat.jni.Library in an unnamed module (file:/C:/Users/HP/.m2/repository/org/apache/tomcat/embed/tomcat-embed-core/10.1.20/tomcat-embed-core-10.1.20.jar)
WARNING: Use --enable-native-access=ALL-UNNAMED to avoid a warning for callers in this module
WARNING: Restricted methods will be blocked in a future release unless native access is enabled

2026-06-06T20:21:09.018+01:00  INFO 15412 --- [clemedice-backend] [           main] o.s.b.w.embedded.tomcat.TomcatWebServer  : Tomcat initialized with port 8080 (http)
2026-06-06T20:21:09.044+01:00  INFO 15412 --- [clemedice-backend] [           main] o.apache.catalina.core.StandardService   : Starting service [Tomcat]
2026-06-06T20:21:09.045+01:00  INFO 15412 --- [clemedice-backend] [           main] o.apache.catalina.core.StandardEngine    : Starting Servlet engine: [Apache Tomcat/10.1.20]
2026-06-06T20:21:09.180+01:00  INFO 15412 --- [clemedice-backend] [           main] o.a.c.c.C.[Tomcat].[localhost].[/]       : Initializing Spring embedded WebApplicationContext
2026-06-06T20:21:09.184+01:00  INFO 15412 --- [clemedice-backend] [           main] w.s.c.ServletWebServerApplicationContext : Root WebApplicationContext: initialization completed in 3469 ms
2026-06-06T20:21:09.250+01:00  INFO 15412 --- [clemedice-backend] [           main] com.zaxxer.hikari.HikariDataSource       : HikariPool-1 - Starting...
2026-06-06T20:21:09.778+01:00  INFO 15412 --- [clemedice-backend] [           main] com.zaxxer.hikari.pool.HikariPool        : HikariPool-1 - Added connection conn0: url=jdbc:h2:file:./data/clemedice user=SA
2026-06-06T20:21:09.783+01:00  INFO 15412 --- [clemedice-backend] [           main] com.zaxxer.hikari.HikariDataSource       : HikariPool-1 - Start completed.
2026-06-06T20:21:09.808+01:00  INFO 15412 --- [clemedice-backend] [           main] o.s.b.a.h2.H2ConsoleAutoConfiguration    : H2 console available at '/h2-console'. Database available at 'jdbc:h2:file:./data/clemedice'
2026-06-06T20:21:10.074+01:00  INFO 15412 --- [clemedice-backend] [           main] o.hibernate.jpa.internal.util.LogHelper  : HHH000204: Processing PersistenceUnitInfo [name: default]
2026-06-06T20:21:10.187+01:00  INFO 15412 --- [clemedice-backend] [           main] org.hibernate.Version                    : HHH000412: Hibernate ORM core version 6.4.4.Final
2026-06-06T20:21:10.259+01:00  INFO 15412 --- [clemedice-backend] [           main] o.h.c.internal.RegionFactoryInitiator    : HHH000026: Second-level cache disabled
2026-06-06T20:21:10.770+01:00  INFO 15412 --- [clemedice-backend] [           main] o.s.o.j.p.SpringPersistenceUnitInfo      : No LoadTimeWeaver setup: ignoring JPA class transformer
2026-06-06T20:21:13.084+01:00  INFO 15412 --- [clemedice-backend] [           main] o.h.e.t.j.p.i.JtaPlatformInitiator       : HHH000489: No JTA platform available (set 'hibernate.transaction.jta.platform' to enable JTA platform integration)
2026-06-06T20:21:13.205+01:00  INFO 15412 --- [clemedice-backend] [           main] j.LocalContainerEntityManagerFactoryBean : Initialized JPA EntityManagerFactory for persistence unit 'default'
2026-06-06T20:21:13.798+01:00  INFO 15412 --- [clemedice-backend] [           main] o.s.d.j.r.query.QueryEnhancerFactory     : Hibernate is in classpath; If applicable, HQL parser will be used.
2026-06-06T20:21:15.291+01:00  WARN 15412 --- [clemedice-backend] [           main] JpaBaseConfiguration$JpaWebConfiguration : spring.jpa.open-in-view is enabled by default. Therefore, database queries may be performed during view rendering. Explicitly configure spring.jpa.open-in-view to disable this warning
2026-06-06T20:21:15.825+01:00  INFO 15412 --- [clemedice-backend] [           main] o.s.s.web.DefaultSecurityFilterChain     : Will secure any request with [org.springframework.security.web.session.DisableEncodeUrlFilter@4ccfd904, org.springframework.security.web.context.request.async.WebAsyncManagerIntegrationFilter@5de25642, org.springframework.security.web.context.SecurityContextHolderFilter@60df0131, org.springframework.security.web.header.HeaderWriterFilter@6fb94c36, org.springframework.web.filter.CorsFilter@479885d, org.springframework.security.web.authentication.logout.LogoutFilter@3327337a, com.cabinet.config.JwtAuthenticationFilter@75aea2ba, org.springframework.security.web.savedrequest.RequestCacheAwareFilter@43e869ea, org.springframework.security.web.servletapi.SecurityContextHolderAwareRequestFilter@8f7cbcc, org.springframework.security.web.authentication.AnonymousAuthenticationFilter@47609e3d, org.springframework.security.web.session.SessionManagementFilter@17bda3, org.springframework.security.web.access.ExceptionTranslationFilter@43ec41d7, org.springframework.security.web.access.intercept.AuthorizationFilter@492b12e5]
2026-06-06T20:21:16.263+01:00  INFO 15412 --- [clemedice-backend] [           main] o.s.b.w.embedded.tomcat.TomcatWebServer  : Tomcat started on port 8080 (http) with context path ''
2026-06-06T20:21:16.281+01:00  INFO 15412 --- [clemedice-backend] [           main] com.cabinet.CleMediceApplication         : Started CleMediceApplication in 11.709 seconds (process running for 13.119)
Hibernate: 
    select
        u1_0.id 
    from
        users u1_0 
    where
        u1_0.email=? 
    fetch
        first ? rows only
Hibernate: 
    select
        count(*) 
    from
        patients p1_0
Hibernate: 
    select
        count(*) 
    from
        users u1_0
Hibernate: 
    select
        u1_0.id,
        u1_0.email,
        u1_0.enabled,
        u1_0.nom,
        u1_0.password,
        u1_0.role 
    from
        users u1_0 
    where
        u1_0.email=?
Hibernate: 
    select
        count(*) 
    from
        rendez_vous rv1_0
Hibernate: 
    select
        count(*) 
    from
        paiements p1_0
Hibernate: 
    select
        count(*) 
    from
        patients p1_0
Hibernate: 
    select
        count(*) 
    from
        users u1_0
Hibernate: 
    select
        count(*) 
    from
        rendez_vous rv1_0
Hibernate: 
    select
        count(*) 
    from
        paiements p1_0
=== Seed complete: 20 patients, 5 users, 10 rdv, 4 paiements ===
2026-06-06T20:21:23.041+01:00  INFO 15412 --- [clemedice-backend] [nio-8080-exec-1] o.a.c.c.C.[Tomcat].[localhost].[/]       : Initializing Spring DispatcherServlet 'dispatcherServlet'
2026-06-06T20:21:23.044+01:00  INFO 15412 --- [clemedice-backend] [nio-8080-exec-1] o.s.web.servlet.DispatcherServlet        : Initializing Servlet 'dispatcherServlet'
2026-06-06T20:21:23.046+01:00  INFO 15412 --- [clemedice-backend] [nio-8080-exec-1] o.s.web.servlet.DispatcherServlet        : Completed initialization in 2 ms
Hibernate: 
    select
        rv1_0.id,
        rv1_0.created_at,
        rv1_0.date,
        rv1_0.heure,
        rv1_0.medecin_id,
        rv1_0.patient_id,
        rv1_0.statut,
        rv1_0.topic 
    from
        rendez_vous rv1_0
Hibernate: 
    select
        u1_0.id,
        u1_0.email,
        u1_0.enabled,
        u1_0.nom,
        u1_0.password,
        u1_0.role 
    from
        users u1_0 
    where
        u1_0.id=?
Hibernate: 
    select
        p1_0.id,
        p1_0.adresse,
        p1_0.cin,
        p1_0.created_at,
        p1_0.date_naissance,
        p1_0.nom,
        p1_0.prenom,
        p1_0.telephone 
    from
        patients p1_0 
    where
        p1_0.id=?
Hibernate: 
    select
        p1_0.id,
        p1_0.adresse,
        p1_0.cin,
        p1_0.created_at,
        p1_0.date_naissance,
        p1_0.nom,
        p1_0.prenom,
        p1_0.telephone 
    from
        patients p1_0 
    where
        p1_0.id=?
Hibernate: 
    select
        p1_0.id,
        p1_0.adresse,
        p1_0.cin,
        p1_0.created_at,
        p1_0.date_naissance,
        p1_0.nom,
        p1_0.prenom,
        p1_0.telephone 
    from
        patients p1_0 
    where
        p1_0.id=?
Hibernate: 
    select
        p1_0.id,
        p1_0.adresse,
        p1_0.cin,
        p1_0.created_at,
        p1_0.date_naissance,
        p1_0.nom,
        p1_0.prenom,
        p1_0.telephone 
    from
        patients p1_0 
    where
        p1_0.id=?
Hibernate: 
    select
        p1_0.id,
        p1_0.adresse,
        p1_0.cin,
        p1_0.created_at,
        p1_0.date_naissance,
        p1_0.nom,
        p1_0.prenom,
        p1_0.telephone 
    from
        patients p1_0 
    where
        p1_0.id=?
Hibernate: 
    select
        p1_0.id,
        p1_0.adresse,
        p1_0.cin,
        p1_0.created_at,
        p1_0.date_naissance,
        p1_0.nom,
        p1_0.prenom,
        p1_0.telephone 
    from
        patients p1_0 
    where
        p1_0.id=?
Hibernate: 
    select
        p1_0.id,
        p1_0.adresse,
        p1_0.cin,
        p1_0.created_at,
        p1_0.date_naissance,
        p1_0.nom,
        p1_0.prenom,
        p1_0.telephone 
    from
        patients p1_0 
    where
        p1_0.id=?
Hibernate: 
    select
        p1_0.id,
        p1_0.adresse,
        p1_0.cin,
        p1_0.created_at,
        p1_0.date_naissance,
        p1_0.nom,
        p1_0.prenom,
        p1_0.telephone 
    from
        patients p1_0 
    where
        p1_0.id=?
Hibernate: 
    select
        p1_0.id,
        p1_0.adresse,
        p1_0.cin,
        p1_0.created_at,
        p1_0.date_naissance,
        p1_0.nom,
        p1_0.prenom,
        p1_0.telephone 
    from
        patients p1_0 
    where
        p1_0.id=?
Hibernate: 
    select
        p1_0.id,
        p1_0.adresse,
        p1_0.cin,
        p1_0.created_at,
        p1_0.date_naissance,
        p1_0.nom,
        p1_0.prenom,
        p1_0.telephone 
    from
        patients p1_0 
    where
        p1_0.id=?
Hibernate: 
    select
        rv1_0.id,
        rv1_0.created_at,
        rv1_0.date,
        rv1_0.heure,
        rv1_0.medecin_id,
        m1_0.id,
        m1_0.email,
        m1_0.enabled,
        m1_0.nom,
        m1_0.password,
        m1_0.role,
        rv1_0.patient_id,
        p1_0.id,
        p1_0.adresse,
        p1_0.cin,
        p1_0.created_at,
        p1_0.date_naissance,
        p1_0.nom,
        p1_0.prenom,
        p1_0.telephone,
        rv1_0.statut,
        rv1_0.topic 
    from
        rendez_vous rv1_0 
    join
        users m1_0 
            on m1_0.id=rv1_0.medecin_id 
    join
        patients p1_0 
            on p1_0.id=rv1_0.patient_id 
    where
        rv1_0.id=?
Hibernate: 
    insert 
    into
        paiements
        (created_at, date, mode_paiement, montant, notes, rendez_vous_id, statut, id) 
    values
        (?, ?, ?, ?, ?, ?, ?, default)
2026-06-06T20:21:44.620+01:00  WARN 15412 --- [clemedice-backend] [nio-8080-exec-2] o.h.engine.jdbc.spi.SqlExceptionHelper   : SQL Error: 23505, SQLState: 23505
2026-06-06T20:21:44.621+01:00 ERROR 15412 --- [clemedice-backend] [nio-8080-exec-2] o.h.engine.jdbc.spi.SqlExceptionHelper   : Unique index or primary key violation: "PUBLIC.UK_5D6AVQ5WXUUHG4B5AN00IJKDJ_INDEX_4 ON PUBLIC.PAIEMENTS(RENDEZ_VOUS_ID NULLS FIRST) VALUES ( /* 2 */ CAST(5 AS BIGINT) )"; SQL statement:
insert into paiements (created_at,date,mode_paiement,montant,notes,rendez_vous_id,statut,id) values (?,?,?,?,?,?,?,default) [23505-224]
Hibernate: 
    select
        rv1_0.id,
        rv1_0.created_at,
        rv1_0.date,
        rv1_0.heure,
        rv1_0.medecin_id,
        m1_0.id,
        m1_0.email,
        m1_0.enabled,
        m1_0.nom,
        m1_0.password,
        m1_0.role,
        rv1_0.patient_id,
        p1_0.id,
        p1_0.adresse,
        p1_0.cin,
        p1_0.created_at,
        p1_0.date_naissance,
        p1_0.nom,
        p1_0.prenom,
        p1_0.telephone,
        rv1_0.statut,
        rv1_0.topic 
    from
        rendez_vous rv1_0 
    join
        users m1_0 
            on m1_0.id=rv1_0.medecin_id 
    join
        patients p1_0 
            on p1_0.id=rv1_0.patient_id 
    where
        rv1_0.id=?
Hibernate: 
    insert 
    into
        paiements
        (created_at, date, mode_paiement, montant, notes, rendez_vous_id, statut, id) 
    values
        (?, ?, ?, ?, ?, ?, ?, default)
Hibernate: 
    select
        rv1_0.id,
        rv1_0.created_at,
        rv1_0.date,
        rv1_0.heure,
        rv1_0.medecin_id,
        m1_0.id,
        m1_0.email,
        m1_0.enabled,
        m1_0.nom,
        m1_0.password,
        m1_0.role,
        rv1_0.patient_id,
        p1_0.id,
        p1_0.adresse,
        p1_0.cin,
        p1_0.created_at,
        p1_0.date_naissance,
        p1_0.nom,
        p1_0.prenom,
        p1_0.telephone,
        rv1_0.statut,
        rv1_0.topic 
    from
        rendez_vous rv1_0 
    join
        users m1_0 
            on m1_0.id=rv1_0.medecin_id 
    join
        patients p1_0 
            on p1_0.id=rv1_0.patient_id 
    where
        rv1_0.id=?
Hibernate: 
    insert 
    into
        paiements
        (created_at, date, mode_paiement, montant, notes, rendez_vous_id, statut, id) 
    values
        (?, ?, ?, ?, ?, ?, ?, default)
2026-06-06T20:22:05.438+01:00  WARN 15412 --- [clemedice-backend] [nio-8080-exec-4] o.h.engine.jdbc.spi.SqlExceptionHelper   : SQL Error: 23505, SQLState: 23505
2026-06-06T20:22:05.439+01:00 ERROR 15412 --- [clemedice-backend] [nio-8080-exec-4] o.h.engine.jdbc.spi.SqlExceptionHelper   : Unique index or primary key violation: "PUBLIC.UK_5D6AVQ5WXUUHG4B5AN00IJKDJ_INDEX_4 ON PUBLIC.PAIEMENTS(RENDEZ_VOUS_ID NULLS FIRST) VALUES ( /* 1 */ CAST(3 AS BIGINT) )"; SQL statement:
insert into paiements (created_at,date,mode_paiement,montant,notes,rendez_vous_id,statut,id) values (?,?,?,?,?,?,?,default) [23505-224]
Hibernate: 
    select
        rv1_0.id,
        rv1_0.created_at,
        rv1_0.date,
        rv1_0.heure,
        rv1_0.medecin_id,
        rv1_0.patient_id,
        rv1_0.statut,
        rv1_0.topic 
    from
        rendez_vous rv1_0
Hibernate: 
    select
        u1_0.id,
        u1_0.email,
        u1_0.enabled,
        u1_0.nom,
        u1_0.password,
        u1_0.role 
    from
        users u1_0 
    where
        u1_0.id=?
Hibernate: 
    select
        p1_0.id,
        p1_0.adresse,
        p1_0.cin,
        p1_0.created_at,
        p1_0.date_naissance,
        p1_0.nom,
        p1_0.prenom,
        p1_0.telephone 
    from
        patients p1_0 
    where
        p1_0.id=?
Hibernate: 
    select
        p1_0.id,
        p1_0.adresse,
        p1_0.cin,
        p1_0.created_at,
        p1_0.date_naissance,
        p1_0.nom,
        p1_0.prenom,
        p1_0.telephone 
    from
        patients p1_0 
    where
        p1_0.id=?
Hibernate: 
    select
        p1_0.id,
        p1_0.adresse,
        p1_0.cin,
        p1_0.created_at,
        p1_0.date_naissance,
        p1_0.nom,
        p1_0.prenom,
        p1_0.telephone 
    from
        patients p1_0 
    where
        p1_0.id=?
Hibernate: 
    select
        p1_0.id,
        p1_0.adresse,
        p1_0.cin,
        p1_0.created_at,
        p1_0.date_naissance,
        p1_0.nom,
        p1_0.prenom,
        p1_0.telephone 
    from
        patients p1_0 
    where
        p1_0.id=?
Hibernate: 
    select
        p1_0.id,
        p1_0.adresse,
        p1_0.cin,
        p1_0.created_at,
        p1_0.date_naissance,
        p1_0.nom,
        p1_0.prenom,
        p1_0.telephone 
    from
        patients p1_0 
    where
        p1_0.id=?
Hibernate: 
    select
        p1_0.id,
        p1_0.adresse,
        p1_0.cin,
        p1_0.created_at,
        p1_0.date_naissance,
        p1_0.nom,
        p1_0.prenom,
        p1_0.telephone 
    from
        patients p1_0 
    where
        p1_0.id=?
Hibernate: 
    select
        p1_0.id,
        p1_0.adresse,
        p1_0.cin,
        p1_0.created_at,
        p1_0.date_naissance,
        p1_0.nom,
        p1_0.prenom,
        p1_0.telephone 
    from
        patients p1_0 
    where
        p1_0.id=?
Hibernate: 
    select
        p1_0.id,
        p1_0.adresse,
        p1_0.cin,
        p1_0.created_at,
        p1_0.date_naissance,
        p1_0.nom,
        p1_0.prenom,
        p1_0.telephone 
    from
        patients p1_0 
    where
        p1_0.id=?
Hibernate: 
    select
        p1_0.id,
        p1_0.adresse,
        p1_0.cin,
        p1_0.created_at,
        p1_0.date_naissance,
        p1_0.nom,
        p1_0.prenom,
        p1_0.telephone 
    from
        patients p1_0 
    where
        p1_0.id=?
Hibernate: 
    select
        p1_0.id,
        p1_0.adresse,
        p1_0.cin,
        p1_0.created_at,
        p1_0.date_naissance,
        p1_0.nom,
        p1_0.prenom,
        p1_0.telephone 
    from
        patients p1_0 
    where
        p1_0.id=?
Hibernate: 
    select
        p1_0.id,
        p1_0.adresse,
        p1_0.cin,
        p1_0.created_at,
        p1_0.date_naissance,
        p1_0.nom,
        p1_0.prenom,
        p1_0.telephone 
    from
        patients p1_0
Hibernate: 
    select
        p1_0.id,
        p1_0.adresse,
        p1_0.cin,
        p1_0.created_at,
        p1_0.date_naissance,
        p1_0.nom,
        p1_0.prenom,
        p1_0.telephone 
    from
        patients p1_0 
    where
        p1_0.id=?
Hibernate: 
    select
        u1_0.id,
        u1_0.email,
        u1_0.enabled,
        u1_0.nom,
        u1_0.password,
        u1_0.role 
    from
        users u1_0 
    where
        u1_0.id=?
Hibernate: 
    insert 
    into
        rendez_vous
        (created_at, date, heure, medecin_id, patient_id, statut, topic, id) 
    values
        (?, ?, ?, ?, ?, ?, ?, default)
Hibernate: 
    select
        rv1_0.id,
        rv1_0.created_at,
        rv1_0.date,
        rv1_0.heure,
        rv1_0.medecin_id,
        rv1_0.patient_id,
        rv1_0.statut,
        rv1_0.topic 
    from
        rendez_vous rv1_0
Hibernate: 
    select
        u1_0.id,
        u1_0.email,
        u1_0.enabled,
        u1_0.nom,
        u1_0.password,
        u1_0.role 
    from
        users u1_0 
    where
        u1_0.id=?
Hibernate: 
    select
        p1_0.id,
        p1_0.adresse,
        p1_0.cin,
        p1_0.created_at,
        p1_0.date_naissance,
        p1_0.nom,
        p1_0.prenom,
        p1_0.telephone 
    from
        patients p1_0 
    where
        p1_0.id=?
Hibernate: 
    select
        p1_0.id,
        p1_0.adresse,
        p1_0.cin,
        p1_0.created_at,
        p1_0.date_naissance,
        p1_0.nom,
        p1_0.prenom,
        p1_0.telephone 
    from
        patients p1_0 
    where
        p1_0.id=?
Hibernate: 
    select
        p1_0.id,
        p1_0.adresse,
        p1_0.cin,
        p1_0.created_at,
        p1_0.date_naissance,
        p1_0.nom,
        p1_0.prenom,
        p1_0.telephone 
    from
        patients p1_0 
    where
        p1_0.id=?
Hibernate: 
    select
        p1_0.id,
        p1_0.adresse,
        p1_0.cin,
        p1_0.created_at,
        p1_0.date_naissance,
        p1_0.nom,
        p1_0.prenom,
        p1_0.telephone 
    from
        patients p1_0 
    where
        p1_0.id=?
Hibernate: 
    select
        p1_0.id,
        p1_0.adresse,
        p1_0.cin,
        p1_0.created_at,
        p1_0.date_naissance,
        p1_0.nom,
        p1_0.prenom,
        p1_0.telephone 
    from
        patients p1_0 
    where
        p1_0.id=?
Hibernate: 
    select
        p1_0.id,
        p1_0.adresse,
        p1_0.cin,
        p1_0.created_at,
        p1_0.date_naissance,
        p1_0.nom,
        p1_0.prenom,
        p1_0.telephone 
    from
        patients p1_0 
    where
        p1_0.id=?
Hibernate: 
    select
        p1_0.id,
        p1_0.adresse,
        p1_0.cin,
        p1_0.created_at,
        p1_0.date_naissance,
        p1_0.nom,
        p1_0.prenom,
        p1_0.telephone 
    from
        patients p1_0 
    where
        p1_0.id=?
Hibernate: 
    select
        p1_0.id,
        p1_0.adresse,
        p1_0.cin,
        p1_0.created_at,
        p1_0.date_naissance,
        p1_0.nom,
        p1_0.prenom,
        p1_0.telephone 
    from
        patients p1_0 
    where
        p1_0.id=?
Hibernate: 
    select
        p1_0.id,
        p1_0.adresse,
        p1_0.cin,
        p1_0.created_at,
        p1_0.date_naissance,
        p1_0.nom,
        p1_0.prenom,
        p1_0.telephone 
    from
        patients p1_0 
    where
        p1_0.id=?
Hibernate: 
    select
        p1_0.id,
        p1_0.adresse,
        p1_0.cin,
        p1_0.created_at,
        p1_0.date_naissance,
        p1_0.nom,
        p1_0.prenom,
        p1_0.telephone 
    from
        patients p1_0 
    where
        p1_0.id=?
Hibernate: 
    select
        rv1_0.id,
        rv1_0.created_at,
        rv1_0.date,
        rv1_0.heure,
        rv1_0.medecin_id,
        m1_0.id,
        m1_0.email,
        m1_0.enabled,
        m1_0.nom,
        m1_0.password,
        m1_0.role,
        rv1_0.patient_id,
        p1_0.id,
        p1_0.adresse,
        p1_0.cin,
        p1_0.created_at,
        p1_0.date_naissance,
        p1_0.nom,
        p1_0.prenom,
        p1_0.telephone,
        rv1_0.statut,
        rv1_0.topic 
    from
        rendez_vous rv1_0 
    join
        users m1_0 
            on m1_0.id=rv1_0.medecin_id 
    join
        patients p1_0 
            on p1_0.id=rv1_0.patient_id 
    where
        rv1_0.id=?
Hibernate: 
    insert 
    into
        consultation_details
        (cas_patient, created_at, date, description, observations, rendez_vous_id, id) 
    values
        (?, ?, ?, ?, ?, ?, default)
Hibernate: 
    update
        rendez_vous 
    set
        created_at=?,
        date=?,
        heure=?,
        medecin_id=?,
        patient_id=?,
        statut=?,
        topic=? 
    where
        id=?
Hibernate: 
    select
        cd1_0.id,
        cd1_0.cas_patient,
        cd1_0.created_at,
        cd1_0.date,
        cd1_0.description,
        cd1_0.observations,
        cd1_0.rendez_vous_id,
        rv1_0.id,
        rv1_0.created_at,
        rv1_0.date,
        rv1_0.heure,
        rv1_0.medecin_id,
        m1_0.id,
        m1_0.email,
        m1_0.enabled,
        m1_0.nom,
        m1_0.password,
        m1_0.role,
        rv1_0.patient_id,
        p1_0.id,
        p1_0.adresse,
        p1_0.cin,
        p1_0.created_at,
        p1_0.date_naissance,
        p1_0.nom,
        p1_0.prenom,
        p1_0.telephone,
        rv1_0.statut,
        rv1_0.topic 
    from
        consultation_details cd1_0 
    join
        rendez_vous rv1_0 
            on rv1_0.id=cd1_0.rendez_vous_id 
    left join
        users m1_0 
            on m1_0.id=rv1_0.medecin_id 
    left join
        patients p1_0 
            on p1_0.id=rv1_0.patient_id 
    where
        cd1_0.id=?
Hibernate: 
    insert 
    into
        ordonnances
        (cas_patient, consultation_id, created_at, date, id) 
    values
        (?, ?, ?, ?, default)
Hibernate: 
    insert 
    into
        medicaments
        (dosage, duree, instructions, nom, ordonnance_id, id) 
    values
        (?, ?, ?, ?, ?, default)
Hibernate: 
    select
        cd1_0.id,
        cd1_0.cas_patient,
        cd1_0.created_at,
        cd1_0.date,
        cd1_0.description,
        cd1_0.observations,
        cd1_0.rendez_vous_id,
        rv1_0.id,
        rv1_0.created_at,
        rv1_0.date,
        rv1_0.heure,
        rv1_0.medecin_id,
        m1_0.id,
        m1_0.email,
        m1_0.enabled,
        m1_0.nom,
        m1_0.password,
        m1_0.role,
        rv1_0.patient_id,
        p1_0.id,
        p1_0.adresse,
        p1_0.cin,
        p1_0.created_at,
        p1_0.date_naissance,
        p1_0.nom,
        p1_0.prenom,
        p1_0.telephone,
        rv1_0.statut,
        rv1_0.topic 
    from
        consultation_details cd1_0 
    join
        rendez_vous rv1_0 
            on rv1_0.id=cd1_0.rendez_vous_id 
    left join
        users m1_0 
            on m1_0.id=rv1_0.medecin_id 
    left join
        patients p1_0 
            on p1_0.id=rv1_0.patient_id 
    where
        cd1_0.id=?
Hibernate: 
    insert 
    into
        ordonnances
        (cas_patient, consultation_id, created_at, date, id) 
    values
        (?, ?, ?, ?, default)
Hibernate: 
    insert 
    into
        medicaments
        (dosage, duree, instructions, nom, ordonnance_id, id) 
    values
        (?, ?, ?, ?, ?, default)
Hibernate: 
    select
        cd1_0.id,
        cd1_0.cas_patient,
        cd1_0.created_at,
        cd1_0.date,
        cd1_0.description,
        cd1_0.observations,
        cd1_0.rendez_vous_id,
        rv1_0.id,
        rv1_0.created_at,
        rv1_0.date,
        rv1_0.heure,
        rv1_0.medecin_id,
        m1_0.id,
        m1_0.email,
        m1_0.enabled,
        m1_0.nom,
        m1_0.password,
        m1_0.role,
        rv1_0.patient_id,
        p1_0.id,
        p1_0.adresse,
        p1_0.cin,
        p1_0.created_at,
        p1_0.date_naissance,
        p1_0.nom,
        p1_0.prenom,
        p1_0.telephone,
        rv1_0.statut,
        rv1_0.topic 
    from
        consultation_details cd1_0 
    join
        rendez_vous rv1_0 
            on rv1_0.id=cd1_0.rendez_vous_id 
    left join
        users m1_0 
            on m1_0.id=rv1_0.medecin_id 
    left join
        patients p1_0 
            on p1_0.id=rv1_0.patient_id 
    where
        cd1_0.id=?
Hibernate: 
    insert 
    into
        ordonnances
        (cas_patient, consultation_id, created_at, date, id) 
    values
        (?, ?, ?, ?, default)
Hibernate: 
    insert 
    into
        medicaments
        (dosage, duree, instructions, nom, ordonnance_id, id) 
    values
        (?, ?, ?, ?, ?, default)
Hibernate: 
    select
        cd1_0.id,
        cd1_0.cas_patient,
        cd1_0.created_at,
        cd1_0.date,
        cd1_0.description,
        cd1_0.observations,
        cd1_0.rendez_vous_id,
        rv1_0.id,
        rv1_0.created_at,
        rv1_0.date,
        rv1_0.heure,
        rv1_0.medecin_id,
        m1_0.id,
        m1_0.email,
        m1_0.enabled,
        m1_0.nom,
        m1_0.password,
        m1_0.role,
        rv1_0.patient_id,
        p1_0.id,
        p1_0.adresse,
        p1_0.cin,
        p1_0.created_at,
        p1_0.date_naissance,
        p1_0.nom,
        p1_0.prenom,
        p1_0.telephone,
        rv1_0.statut,
        rv1_0.topic 
    from
        consultation_details cd1_0 
    join
        rendez_vous rv1_0 
            on rv1_0.id=cd1_0.rendez_vous_id 
    left join
        users m1_0 
            on m1_0.id=rv1_0.medecin_id 
    left join
        patients p1_0 
            on p1_0.id=rv1_0.patient_id 
    where
        cd1_0.id=?
Hibernate: 
    insert 
    into
        ordonnances
        (cas_patient, consultation_id, created_at, date, id) 
    values
        (?, ?, ?, ?, default)
Hibernate: 
    insert 
    into
        medicaments
        (dosage, duree, instructions, nom, ordonnance_id, id) 
    values
        (?, ?, ?, ?, ?, default)
Hibernate: 
    select
        rv1_0.id,
        rv1_0.created_at,
        rv1_0.date,
        rv1_0.heure,
        rv1_0.medecin_id,
        rv1_0.patient_id,
        rv1_0.statut,
        rv1_0.topic 
    from
        rendez_vous rv1_0
Hibernate: 
    select
        u1_0.id,
        u1_0.email,
        u1_0.enabled,
        u1_0.nom,
        u1_0.password,
        u1_0.role 
    from
        users u1_0 
    where
        u1_0.id=?
Hibernate: 
    select
        p1_0.id,
        p1_0.adresse,
        p1_0.cin,
        p1_0.created_at,
        p1_0.date_naissance,
        p1_0.nom,
        p1_0.prenom,
        p1_0.telephone 
    from
        patients p1_0 
    where
        p1_0.id=?
Hibernate: 
    select
        p1_0.id,
        p1_0.adresse,
        p1_0.cin,
        p1_0.created_at,
        p1_0.date_naissance,
        p1_0.nom,
        p1_0.prenom,
        p1_0.telephone 
    from
        patients p1_0 
    where
        p1_0.id=?
Hibernate: 
    select
        p1_0.id,
        p1_0.adresse,
        p1_0.cin,
        p1_0.created_at,
        p1_0.date_naissance,
        p1_0.nom,
        p1_0.prenom,
        p1_0.telephone 
    from
        patients p1_0 
    where
        p1_0.id=?
Hibernate: 
    select
        p1_0.id,
        p1_0.adresse,
        p1_0.cin,
        p1_0.created_at,
        p1_0.date_naissance,
        p1_0.nom,
        p1_0.prenom,
        p1_0.telephone 
    from
        patients p1_0 
    where
        p1_0.id=?
Hibernate: 
    select
        p1_0.id,
        p1_0.adresse,
        p1_0.cin,
        p1_0.created_at,
        p1_0.date_naissance,
        p1_0.nom,
        p1_0.prenom,
        p1_0.telephone 
    from
        patients p1_0 
    where
        p1_0.id=?
Hibernate: 
    select
        p1_0.id,
        p1_0.adresse,
        p1_0.cin,
        p1_0.created_at,
        p1_0.date_naissance,
        p1_0.nom,
        p1_0.prenom,
        p1_0.telephone 
    from
        patients p1_0 
    where
        p1_0.id=?
Hibernate: 
    select
        p1_0.id,
        p1_0.adresse,
        p1_0.cin,
        p1_0.created_at,
        p1_0.date_naissance,
        p1_0.nom,
        p1_0.prenom,
        p1_0.telephone 
    from
        patients p1_0 
    where
        p1_0.id=?
Hibernate: 
    select
        p1_0.id,
        p1_0.adresse,
        p1_0.cin,
        p1_0.created_at,
        p1_0.date_naissance,
        p1_0.nom,
        p1_0.prenom,
        p1_0.telephone 
    from
        patients p1_0 
    where
        p1_0.id=?
Hibernate: 
    select
        p1_0.id,
        p1_0.adresse,
        p1_0.cin,
        p1_0.created_at,
        p1_0.date_naissance,
        p1_0.nom,
        p1_0.prenom,
        p1_0.telephone 
    from
        patients p1_0 
    where
        p1_0.id=?
Hibernate: 
    select
        p1_0.id,
        p1_0.adresse,
        p1_0.cin,
        p1_0.created_at,
        p1_0.date_naissance,
        p1_0.nom,
        p1_0.prenom,
        p1_0.telephone 
    from
        patients p1_0 
    where
        p1_0.id=?
Hibernate: 
    select
        p1_0.id,
        p1_0.adresse,
        p1_0.cin,
        p1_0.created_at,
        p1_0.date_naissance,
        p1_0.nom,
        p1_0.prenom,
        p1_0.telephone 
    from
        patients p1_0
Hibernate: 
    select
        coalesce(sum(p1_0.montant), 0) 
    from
        paiements p1_0 
    where
        p1_0.date between ? and ?
Hibernate: 
    select
        coalesce(sum(p1_0.montant), 0) 
    from
        paiements p1_0 
    where
        p1_0.date between ? and ?
Hibernate: 
    select
        month(p1_0.date),
        coalesce(sum(p1_0.montant), 0) 
    from
        paiements p1_0 
    where
        year(p1_0.date)=? 
    group by
        month(p1_0.date) 
    order by
        month(p1_0.date)
Hibernate: 
    select
        p1_0.id,
        p1_0.created_at,
        p1_0.date,
        p1_0.mode_paiement,
        p1_0.montant,
        p1_0.notes,
        p1_0.rendez_vous_id,
        p1_0.statut 
    from
        paiements p1_0
Hibernate: 
    select
        rv1_0.id,
        rv1_0.created_at,
        rv1_0.date,
        rv1_0.heure,
        rv1_0.medecin_id,
        m1_0.id,
        m1_0.email,
        m1_0.enabled,
        m1_0.nom,
        m1_0.password,
        m1_0.role,
        rv1_0.patient_id,
        p1_0.id,
        p1_0.adresse,
        p1_0.cin,
        p1_0.created_at,
        p1_0.date_naissance,
        p1_0.nom,
        p1_0.prenom,
        p1_0.telephone,
        rv1_0.statut,
        rv1_0.topic 
    from
        rendez_vous rv1_0 
    join
        users m1_0 
            on m1_0.id=rv1_0.medecin_id 
    join
        patients p1_0 
            on p1_0.id=rv1_0.patient_id 
    where
        rv1_0.id=?
Hibernate: 
    select
        rv1_0.id,
        rv1_0.created_at,
        rv1_0.date,
        rv1_0.heure,
        rv1_0.medecin_id,
        m1_0.id,
        m1_0.email,
        m1_0.enabled,
        m1_0.nom,
        m1_0.password,
        m1_0.role,
        rv1_0.patient_id,
        p1_0.id,
        p1_0.adresse,
        p1_0.cin,
        p1_0.created_at,
        p1_0.date_naissance,
        p1_0.nom,
        p1_0.prenom,
        p1_0.telephone,
        rv1_0.statut,
        rv1_0.topic 
    from
        rendez_vous rv1_0 
    join
        users m1_0 
            on m1_0.id=rv1_0.medecin_id 
    join
        patients p1_0 
            on p1_0.id=rv1_0.patient_id 
    where
        rv1_0.id=?
Hibernate: 
    select
        rv1_0.id,
        rv1_0.created_at,
        rv1_0.date,
        rv1_0.heure,
        rv1_0.medecin_id,
        m1_0.id,
        m1_0.email,
        m1_0.enabled,
        m1_0.nom,
        m1_0.password,
        m1_0.role,
        rv1_0.patient_id,
        p1_0.id,
        p1_0.adresse,
        p1_0.cin,
        p1_0.created_at,
        p1_0.date_naissance,
        p1_0.nom,
        p1_0.prenom,
        p1_0.telephone,
        rv1_0.statut,
        rv1_0.topic 
    from
        rendez_vous rv1_0 
    join
        users m1_0 
            on m1_0.id=rv1_0.medecin_id 
    join
        patients p1_0 
            on p1_0.id=rv1_0.patient_id 
    where
        rv1_0.id=?
Hibernate: 
    select
        rv1_0.id,
        rv1_0.created_at,
        rv1_0.date,
        rv1_0.heure,
        rv1_0.medecin_id,
        m1_0.id,
        m1_0.email,
        m1_0.enabled,
        m1_0.nom,
        m1_0.password,
        m1_0.role,
        rv1_0.patient_id,
        p1_0.id,
        p1_0.adresse,
        p1_0.cin,
        p1_0.created_at,
        p1_0.date_naissance,
        p1_0.nom,
        p1_0.prenom,
        p1_0.telephone,
        rv1_0.statut,
        rv1_0.topic 
    from
        rendez_vous rv1_0 
    join
        users m1_0 
            on m1_0.id=rv1_0.medecin_id 
    join
        patients p1_0 
            on p1_0.id=rv1_0.patient_id 
    where
        rv1_0.id=?
Hibernate: 
    select
        rv1_0.id,
        rv1_0.created_at,
        rv1_0.date,
        rv1_0.heure,
        rv1_0.medecin_id,
        m1_0.id,
        m1_0.email,
        m1_0.enabled,
        m1_0.nom,
        m1_0.password,
        m1_0.role,
        rv1_0.patient_id,
        p1_0.id,
        p1_0.adresse,
        p1_0.cin,
        p1_0.created_at,
        p1_0.date_naissance,
        p1_0.nom,
        p1_0.prenom,
        p1_0.telephone,
        rv1_0.statut,
        rv1_0.topic 
    from
        rendez_vous rv1_0 
    join
        users m1_0 
            on m1_0.id=rv1_0.medecin_id 
    join
        patients p1_0 
            on p1_0.id=rv1_0.patient_id 
    where
        rv1_0.id=?
Hibernate: 
    select
        coalesce(sum(p1_0.montant), 0) 
    from
        paiements p1_0 
    where
        p1_0.date between ? and ?
Hibernate: 
    select
        coalesce(sum(p1_0.montant), 0) 
    from
        paiements p1_0 
    where
        p1_0.date between ? and ?
Hibernate: 
    select
        month(p1_0.date),
        coalesce(sum(p1_0.montant), 0) 
    from
        paiements p1_0 
    where
        year(p1_0.date)=? 
    group by
        month(p1_0.date) 
    order by
        month(p1_0.date)
Hibernate: 
    select
        p1_0.id,
        p1_0.created_at,
        p1_0.date,
        p1_0.mode_paiement,
        p1_0.montant,
        p1_0.notes,
        p1_0.rendez_vous_id,
        p1_0.statut 
    from
        paiements p1_0
Hibernate: 
    select
        rv1_0.id,
        rv1_0.created_at,
        rv1_0.date,
        rv1_0.heure,
        rv1_0.medecin_id,
        m1_0.id,
        m1_0.email,
        m1_0.enabled,
        m1_0.nom,
        m1_0.password,
        m1_0.role,
        rv1_0.patient_id,
        p1_0.id,
        p1_0.adresse,
        p1_0.cin,
        p1_0.created_at,
        p1_0.date_naissance,
        p1_0.nom,
        p1_0.prenom,
        p1_0.telephone,
        rv1_0.statut,
        rv1_0.topic 
    from
        rendez_vous rv1_0 
    join
        users m1_0 
            on m1_0.id=rv1_0.medecin_id 
    join
        patients p1_0 
            on p1_0.id=rv1_0.patient_id 
    where
        rv1_0.id=?
Hibernate: 
    select
        rv1_0.id,
        rv1_0.created_at,
        rv1_0.date,
        rv1_0.heure,
        rv1_0.medecin_id,
        m1_0.id,
        m1_0.email,
        m1_0.enabled,
        m1_0.nom,
        m1_0.password,
        m1_0.role,
        rv1_0.patient_id,
        p1_0.id,
        p1_0.adresse,
        p1_0.cin,
        p1_0.created_at,
        p1_0.date_naissance,
        p1_0.nom,
        p1_0.prenom,
        p1_0.telephone,
        rv1_0.statut,
        rv1_0.topic 
    from
        rendez_vous rv1_0 
    join
        users m1_0 
            on m1_0.id=rv1_0.medecin_id 
    join
        patients p1_0 
            on p1_0.id=rv1_0.patient_id 
    where
        rv1_0.id=?
Hibernate: 
    select
        rv1_0.id,
        rv1_0.created_at,
        rv1_0.date,
        rv1_0.heure,
        rv1_0.medecin_id,
        m1_0.id,
        m1_0.email,
        m1_0.enabled,
        m1_0.nom,
        m1_0.password,
        m1_0.role,
        rv1_0.patient_id,
        p1_0.id,
        p1_0.adresse,
        p1_0.cin,
        p1_0.created_at,
        p1_0.date_naissance,
        p1_0.nom,
        p1_0.prenom,
        p1_0.telephone,
        rv1_0.statut,
        rv1_0.topic 
    from
        rendez_vous rv1_0 
    join
        users m1_0 
            on m1_0.id=rv1_0.medecin_id 
    join
        patients p1_0 
            on p1_0.id=rv1_0.patient_id 
    where
        rv1_0.id=?
Hibernate: 
    select
        rv1_0.id,
        rv1_0.created_at,
        rv1_0.date,
        rv1_0.heure,
        rv1_0.medecin_id,
        m1_0.id,
        m1_0.email,
        m1_0.enabled,
        m1_0.nom,
        m1_0.password,
        m1_0.role,
        rv1_0.patient_id,
        p1_0.id,
        p1_0.adresse,
        p1_0.cin,
        p1_0.created_at,
        p1_0.date_naissance,
        p1_0.nom,
        p1_0.prenom,
        p1_0.telephone,
        rv1_0.statut,
        rv1_0.topic 
    from
        rendez_vous rv1_0 
    join
        users m1_0 
            on m1_0.id=rv1_0.medecin_id 
    join
        patients p1_0 
            on p1_0.id=rv1_0.patient_id 
    where
        rv1_0.id=?
Hibernate: 
    select
        rv1_0.id,
        rv1_0.created_at,
        rv1_0.date,
        rv1_0.heure,
        rv1_0.medecin_id,
        m1_0.id,
        m1_0.email,
        m1_0.enabled,
        m1_0.nom,
        m1_0.password,
        m1_0.role,
        rv1_0.patient_id,
        p1_0.id,
        p1_0.adresse,
        p1_0.cin,
        p1_0.created_at,
        p1_0.date_naissance,
        p1_0.nom,
        p1_0.prenom,
        p1_0.telephone,
        rv1_0.statut,
        rv1_0.topic 
    from
        rendez_vous rv1_0 
    join
        users m1_0 
            on m1_0.id=rv1_0.medecin_id 
    join
        patients p1_0 
            on p1_0.id=rv1_0.patient_id 
    where
        rv1_0.id=?
Hibernate: 
    select
        p1_0.id,
        p1_0.adresse,
        p1_0.cin,
        p1_0.created_at,
        p1_0.date_naissance,
        p1_0.nom,
        p1_0.prenom,
        p1_0.telephone 
    from
        patients p1_0
Hibernate: 
    select
        rv1_0.id,
        rv1_0.created_at,
        rv1_0.date,
        rv1_0.heure,
        rv1_0.medecin_id,
        rv1_0.patient_id,
        rv1_0.statut,
        rv1_0.topic 
    from
        rendez_vous rv1_0
Hibernate: 
    select
        u1_0.id,
        u1_0.email,
        u1_0.enabled,
        u1_0.nom,
        u1_0.password,
        u1_0.role 
    from
        users u1_0 
    where
        u1_0.id=?
Hibernate: 
    select
        p1_0.id,
        p1_0.adresse,
        p1_0.cin,
        p1_0.created_at,
        p1_0.date_naissance,
        p1_0.nom,
        p1_0.prenom,
        p1_0.telephone 
    from
        patients p1_0 
    where
        p1_0.id=?
Hibernate: 
    select
        p1_0.id,
        p1_0.adresse,
        p1_0.cin,
        p1_0.created_at,
        p1_0.date_naissance,
        p1_0.nom,
        p1_0.prenom,
        p1_0.telephone 
    from
        patients p1_0 
    where
        p1_0.id=?
Hibernate: 
    select
        p1_0.id,
        p1_0.adresse,
        p1_0.cin,
        p1_0.created_at,
        p1_0.date_naissance,
        p1_0.nom,
        p1_0.prenom,
        p1_0.telephone 
    from
        patients p1_0 
    where
        p1_0.id=?
Hibernate: 
    select
        p1_0.id,
        p1_0.adresse,
        p1_0.cin,
        p1_0.created_at,
        p1_0.date_naissance,
        p1_0.nom,
        p1_0.prenom,
        p1_0.telephone 
    from
        patients p1_0 
    where
        p1_0.id=?
Hibernate: 
    select
        p1_0.id,
        p1_0.adresse,
        p1_0.cin,
        p1_0.created_at,
        p1_0.date_naissance,
        p1_0.nom,
        p1_0.prenom,
        p1_0.telephone 
    from
        patients p1_0 
    where
        p1_0.id=?
Hibernate: 
    select
        p1_0.id,
        p1_0.adresse,
        p1_0.cin,
        p1_0.created_at,
        p1_0.date_naissance,
        p1_0.nom,
        p1_0.prenom,
        p1_0.telephone 
    from
        patients p1_0 
    where
        p1_0.id=?
Hibernate: 
    select
        p1_0.id,
        p1_0.adresse,
        p1_0.cin,
        p1_0.created_at,
        p1_0.date_naissance,
        p1_0.nom,
        p1_0.prenom,
        p1_0.telephone 
    from
        patients p1_0 
    where
        p1_0.id=?
Hibernate: 
    select
        p1_0.id,
        p1_0.adresse,
        p1_0.cin,
        p1_0.created_at,
        p1_0.date_naissance,
        p1_0.nom,
        p1_0.prenom,
        p1_0.telephone 
    from
        patients p1_0 
    where
        p1_0.id=?
Hibernate: 
    select
        p1_0.id,
        p1_0.adresse,
        p1_0.cin,
        p1_0.created_at,
        p1_0.date_naissance,
        p1_0.nom,
        p1_0.prenom,
        p1_0.telephone 
    from
        patients p1_0 
    where
        p1_0.id=?
Hibernate: 
    select
        p1_0.id,
        p1_0.adresse,
        p1_0.cin,
        p1_0.created_at,
        p1_0.date_naissance,
        p1_0.nom,
        p1_0.prenom,
        p1_0.telephone 
    from
        patients p1_0 
    where
        p1_0.id=?
Hibernate: 
    select
        p1_0.id,
        p1_0.adresse,
        p1_0.cin,
        p1_0.created_at,
        p1_0.date_naissance,
        p1_0.nom,
        p1_0.prenom,
        p1_0.telephone 
    from
        patients p1_0
Hibernate: 
    select
        rv1_0.id,
        rv1_0.created_at,
        rv1_0.date,
        rv1_0.heure,
        rv1_0.medecin_id,
        rv1_0.patient_id,
        rv1_0.statut,
        rv1_0.topic 
    from
        rendez_vous rv1_0
Hibernate: 
    select
        u1_0.id,
        u1_0.email,
        u1_0.enabled,
        u1_0.nom,
        u1_0.password,
        u1_0.role 
    from
        users u1_0 
    where
        u1_0.id=?
Hibernate: 
    select
        p1_0.id,
        p1_0.adresse,
        p1_0.cin,
        p1_0.created_at,
        p1_0.date_naissance,
        p1_0.nom,
        p1_0.prenom,
        p1_0.telephone 
    from
        patients p1_0 
    where
        p1_0.id=?
Hibernate: 
    select
        p1_0.id,
        p1_0.adresse,
        p1_0.cin,
        p1_0.created_at,
        p1_0.date_naissance,
        p1_0.nom,
        p1_0.prenom,
        p1_0.telephone 
    from
        patients p1_0 
    where
        p1_0.id=?
Hibernate: 
    select
        p1_0.id,
        p1_0.adresse,
        p1_0.cin,
        p1_0.created_at,
        p1_0.date_naissance,
        p1_0.nom,
        p1_0.prenom,
        p1_0.telephone 
    from
        patients p1_0 
    where
        p1_0.id=?
Hibernate: 
    select
        p1_0.id,
        p1_0.adresse,
        p1_0.cin,
        p1_0.created_at,
        p1_0.date_naissance,
        p1_0.nom,
        p1_0.prenom,
        p1_0.telephone 
    from
        patients p1_0 
    where
        p1_0.id=?
Hibernate: 
    select
        p1_0.id,
        p1_0.adresse,
        p1_0.cin,
        p1_0.created_at,
        p1_0.date_naissance,
        p1_0.nom,
        p1_0.prenom,
        p1_0.telephone 
    from
        patients p1_0 
    where
        p1_0.id=?
Hibernate: 
    select
        p1_0.id,
        p1_0.adresse,
        p1_0.cin,
        p1_0.created_at,
        p1_0.date_naissance,
        p1_0.nom,
        p1_0.prenom,
        p1_0.telephone 
    from
        patients p1_0 
    where
        p1_0.id=?
Hibernate: 
    select
        p1_0.id,
        p1_0.adresse,
        p1_0.cin,
        p1_0.created_at,
        p1_0.date_naissance,
        p1_0.nom,
        p1_0.prenom,
        p1_0.telephone 
    from
        patients p1_0 
    where
        p1_0.id=?
Hibernate: 
    select
        p1_0.id,
        p1_0.adresse,
        p1_0.cin,
        p1_0.created_at,
        p1_0.date_naissance,
        p1_0.nom,
        p1_0.prenom,
        p1_0.telephone 
    from
        patients p1_0 
    where
        p1_0.id=?
Hibernate: 
    select
        p1_0.id,
        p1_0.adresse,
        p1_0.cin,
        p1_0.created_at,
        p1_0.date_naissance,
        p1_0.nom,
        p1_0.prenom,
        p1_0.telephone 
    from
        patients p1_0 
    where
        p1_0.id=?
Hibernate: 
    select
        p1_0.id,
        p1_0.adresse,
        p1_0.cin,
        p1_0.created_at,
        p1_0.date_naissance,
        p1_0.nom,
        p1_0.prenom,
        p1_0.telephone 
    from
        patients p1_0 
    where
        p1_0.id=?
Hibernate: 
    select
        rv1_0.id,
        rv1_0.created_at,
        rv1_0.date,
        rv1_0.heure,
        rv1_0.medecin_id,
        rv1_0.patient_id,
        rv1_0.statut,
        rv1_0.topic 
    from
        rendez_vous rv1_0
Hibernate: 
    select
        u1_0.id,
        u1_0.email,
        u1_0.enabled,
        u1_0.nom,
        u1_0.password,
        u1_0.role 
    from
        users u1_0 
    where
        u1_0.id=?
Hibernate: 
    select
        p1_0.id,
        p1_0.adresse,
        p1_0.cin,
        p1_0.created_at,
        p1_0.date_naissance,
        p1_0.nom,
        p1_0.prenom,
        p1_0.telephone 
    from
        patients p1_0 
    where
        p1_0.id=?
Hibernate: 
    select
        p1_0.id,
        p1_0.adresse,
        p1_0.cin,
        p1_0.created_at,
        p1_0.date_naissance,
        p1_0.nom,
        p1_0.prenom,
        p1_0.telephone 
    from
        patients p1_0 
    where
        p1_0.id=?
Hibernate: 
    select
        p1_0.id,
        p1_0.adresse,
        p1_0.cin,
        p1_0.created_at,
        p1_0.date_naissance,
        p1_0.nom,
        p1_0.prenom,
        p1_0.telephone 
    from
        patients p1_0 
    where
        p1_0.id=?
Hibernate: 
    select
        p1_0.id,
        p1_0.adresse,
        p1_0.cin,
        p1_0.created_at,
        p1_0.date_naissance,
        p1_0.nom,
        p1_0.prenom,
        p1_0.telephone 
    from
        patients p1_0 
    where
        p1_0.id=?
Hibernate: 
    select
        p1_0.id,
        p1_0.adresse,
        p1_0.cin,
        p1_0.created_at,
        p1_0.date_naissance,
        p1_0.nom,
        p1_0.prenom,
        p1_0.telephone 
    from
        patients p1_0 
    where
        p1_0.id=?
Hibernate: 
    select
        p1_0.id,
        p1_0.adresse,
        p1_0.cin,
        p1_0.created_at,
        p1_0.date_naissance,
        p1_0.nom,
        p1_0.prenom,
        p1_0.telephone 
    from
        patients p1_0 
    where
        p1_0.id=?
Hibernate: 
    select
        p1_0.id,
        p1_0.adresse,
        p1_0.cin,
        p1_0.created_at,
        p1_0.date_naissance,
        p1_0.nom,
        p1_0.prenom,
        p1_0.telephone 
    from
        patients p1_0 
    where
        p1_0.id=?
Hibernate: 
    select
        p1_0.id,
        p1_0.adresse,
        p1_0.cin,
        p1_0.created_at,
        p1_0.date_naissance,
        p1_0.nom,
        p1_0.prenom,
        p1_0.telephone 
    from
        patients p1_0 
    where
        p1_0.id=?
Hibernate: 
    select
        p1_0.id,
        p1_0.adresse,
        p1_0.cin,
        p1_0.created_at,
        p1_0.date_naissance,
        p1_0.nom,
        p1_0.prenom,
        p1_0.telephone 
    from
        patients p1_0 
    where
        p1_0.id=?
Hibernate: 
    select
        p1_0.id,
        p1_0.adresse,
        p1_0.cin,
        p1_0.created_at,
        p1_0.date_naissance,
        p1_0.nom,
        p1_0.prenom,
        p1_0.telephone 
    from
        patients p1_0 
    where
        p1_0.id=?
Hibernate: 
    select
        rv1_0.id,
        rv1_0.created_at,
        rv1_0.date,
        rv1_0.heure,
        rv1_0.medecin_id,
        rv1_0.patient_id,
        rv1_0.statut,
        rv1_0.topic 
    from
        rendez_vous rv1_0
Hibernate: 
    select
        u1_0.id,
        u1_0.email,
        u1_0.enabled,
        u1_0.nom,
        u1_0.password,
        u1_0.role 
    from
        users u1_0 
    where
        u1_0.id=?
Hibernate: 
    select
        p1_0.id,
        p1_0.adresse,
        p1_0.cin,
        p1_0.created_at,
        p1_0.date_naissance,
        p1_0.nom,
        p1_0.prenom,
        p1_0.telephone 
    from
        patients p1_0 
    where
        p1_0.id=?
Hibernate: 
    select
        p1_0.id,
        p1_0.adresse,
        p1_0.cin,
        p1_0.created_at,
        p1_0.date_naissance,
        p1_0.nom,
        p1_0.prenom,
        p1_0.telephone 
    from
        patients p1_0 
    where
        p1_0.id=?
Hibernate: 
    select
        p1_0.id,
        p1_0.adresse,
        p1_0.cin,
        p1_0.created_at,
        p1_0.date_naissance,
        p1_0.nom,
        p1_0.prenom,
        p1_0.telephone 
    from
        patients p1_0 
    where
        p1_0.id=?
Hibernate: 
    select
        p1_0.id,
        p1_0.adresse,
        p1_0.cin,
        p1_0.created_at,
        p1_0.date_naissance,
        p1_0.nom,
        p1_0.prenom,
        p1_0.telephone 
    from
        patients p1_0 
    where
        p1_0.id=?
Hibernate: 
    select
        p1_0.id,
        p1_0.adresse,
        p1_0.cin,
        p1_0.created_at,
        p1_0.date_naissance,
        p1_0.nom,
        p1_0.prenom,
        p1_0.telephone 
    from
        patients p1_0 
    where
        p1_0.id=?
Hibernate: 
    select
        p1_0.id,
        p1_0.adresse,
        p1_0.cin,
        p1_0.created_at,
        p1_0.date_naissance,
        p1_0.nom,
        p1_0.prenom,
        p1_0.telephone 
    from
        patients p1_0 
    where
        p1_0.id=?
Hibernate: 
    select
        p1_0.id,
        p1_0.adresse,
        p1_0.cin,
        p1_0.created_at,
        p1_0.date_naissance,
        p1_0.nom,
        p1_0.prenom,
        p1_0.telephone 
    from
        patients p1_0 
    where
        p1_0.id=?
Hibernate: 
    select
        p1_0.id,
        p1_0.adresse,
        p1_0.cin,
        p1_0.created_at,
        p1_0.date_naissance,
        p1_0.nom,
        p1_0.prenom,
        p1_0.telephone 
    from
        patients p1_0 
    where
        p1_0.id=?
Hibernate: 
    select
        p1_0.id,
        p1_0.adresse,
        p1_0.cin,
        p1_0.created_at,
        p1_0.date_naissance,
        p1_0.nom,
        p1_0.prenom,
        p1_0.telephone 
    from
        patients p1_0 
    where
        p1_0.id=?
Hibernate: 
    select
        p1_0.id,
        p1_0.adresse,
        p1_0.cin,
        p1_0.created_at,
        p1_0.date_naissance,
        p1_0.nom,
        p1_0.prenom,
        p1_0.telephone 
    from
        patients p1_0 
    where
        p1_0.id=?
Hibernate: 
    select
        rv1_0.id,
        rv1_0.created_at,
        rv1_0.date,
        rv1_0.heure,
        rv1_0.medecin_id,
        m1_0.id,
        m1_0.email,
        m1_0.enabled,
        m1_0.nom,
        m1_0.password,
        m1_0.role,
        rv1_0.patient_id,
        p1_0.id,
        p1_0.adresse,
        p1_0.cin,
        p1_0.created_at,
        p1_0.date_naissance,
        p1_0.nom,
        p1_0.prenom,
        p1_0.telephone,
        rv1_0.statut,
        rv1_0.topic 
    from
        rendez_vous rv1_0 
    join
        users m1_0 
            on m1_0.id=rv1_0.medecin_id 
    join
        patients p1_0 
            on p1_0.id=rv1_0.patient_id 
    where
        rv1_0.id=?
Hibernate: 
    insert 
    into
        consultation_details
        (cas_patient, created_at, date, description, observations, rendez_vous_id, id) 
    values
        (?, ?, ?, ?, ?, ?, default)
Hibernate: 
    select
        cd1_0.id,
        cd1_0.cas_patient,
        cd1_0.created_at,
        cd1_0.date,
        cd1_0.description,
        cd1_0.observations,
        cd1_0.rendez_vous_id,
        rv1_0.id,
        rv1_0.created_at,
        rv1_0.date,
        rv1_0.heure,
        rv1_0.medecin_id,
        m1_0.id,
        m1_0.email,
        m1_0.enabled,
        m1_0.nom,
        m1_0.password,
        m1_0.role,
        rv1_0.patient_id,
        p1_0.id,
        p1_0.adresse,
        p1_0.cin,
        p1_0.created_at,
        p1_0.date_naissance,
        p1_0.nom,
        p1_0.prenom,
        p1_0.telephone,
        rv1_0.statut,
        rv1_0.topic 
    from
        consultation_details cd1_0 
    join
        rendez_vous rv1_0 
            on rv1_0.id=cd1_0.rendez_vous_id 
    left join
        users m1_0 
            on m1_0.id=rv1_0.medecin_id 
    left join
        patients p1_0 
            on p1_0.id=rv1_0.patient_id 
    where
        cd1_0.id=?
Hibernate: 
    insert 
    into
        ordonnances
        (cas_patient, consultation_id, created_at, date, id) 
    values
        (?, ?, ?, ?, default)
Hibernate: 
    insert 
    into
        medicaments
        (dosage, duree, instructions, nom, ordonnance_id, id) 
    values
        (?, ?, ?, ?, ?, default)
Hibernate: 
    select
        rv1_0.id,
        rv1_0.created_at,
        rv1_0.date,
        rv1_0.heure,
        rv1_0.medecin_id,
        rv1_0.patient_id,
        rv1_0.statut,
        rv1_0.topic 
    from
        rendez_vous rv1_0
Hibernate: 
    select
        u1_0.id,
        u1_0.email,
        u1_0.enabled,
        u1_0.nom,
        u1_0.password,
        u1_0.role 
    from
        users u1_0 
    where
        u1_0.id=?
Hibernate: 
    select
        p1_0.id,
        p1_0.adresse,
        p1_0.cin,
        p1_0.created_at,
        p1_0.date_naissance,
        p1_0.nom,
        p1_0.prenom,
        p1_0.telephone 
    from
        patients p1_0 
    where
        p1_0.id=?
Hibernate: 
    select
        p1_0.id,
        p1_0.adresse,
        p1_0.cin,
        p1_0.created_at,
        p1_0.date_naissance,
        p1_0.nom,
        p1_0.prenom,
        p1_0.telephone 
    from
        patients p1_0 
    where
        p1_0.id=?
Hibernate: 
    select
        p1_0.id,
        p1_0.adresse,
        p1_0.cin,
        p1_0.created_at,
        p1_0.date_naissance,
        p1_0.nom,
        p1_0.prenom,
        p1_0.telephone 
    from
        patients p1_0 
    where
        p1_0.id=?
Hibernate: 
    select
        p1_0.id,
        p1_0.adresse,
        p1_0.cin,
        p1_0.created_at,
        p1_0.date_naissance,
        p1_0.nom,
        p1_0.prenom,
        p1_0.telephone 
    from
        patients p1_0 
    where
        p1_0.id=?
Hibernate: 
    select
        p1_0.id,
        p1_0.adresse,
        p1_0.cin,
        p1_0.created_at,
        p1_0.date_naissance,
        p1_0.nom,
        p1_0.prenom,
        p1_0.telephone 
    from
        patients p1_0 
    where
        p1_0.id=?
Hibernate: 
    select
        p1_0.id,
        p1_0.adresse,
        p1_0.cin,
        p1_0.created_at,
        p1_0.date_naissance,
        p1_0.nom,
        p1_0.prenom,
        p1_0.telephone 
    from
        patients p1_0 
    where
        p1_0.id=?
Hibernate: 
    select
        p1_0.id,
        p1_0.adresse,
        p1_0.cin,
        p1_0.created_at,
        p1_0.date_naissance,
        p1_0.nom,
        p1_0.prenom,
        p1_0.telephone 
    from
        patients p1_0 
    where
        p1_0.id=?
Hibernate: 
    select
        p1_0.id,
        p1_0.adresse,
        p1_0.cin,
        p1_0.created_at,
        p1_0.date_naissance,
        p1_0.nom,
        p1_0.prenom,
        p1_0.telephone 
    from
        patients p1_0 
    where
        p1_0.id=?
Hibernate: 
    select
        p1_0.id,
        p1_0.adresse,
        p1_0.cin,
        p1_0.created_at,
        p1_0.date_naissance,
        p1_0.nom,
        p1_0.prenom,
        p1_0.telephone 
    from
        patients p1_0 
    where
        p1_0.id=?
Hibernate: 
    select
        p1_0.id,
        p1_0.adresse,
        p1_0.cin,
        p1_0.created_at,
        p1_0.date_naissance,
        p1_0.nom,
        p1_0.prenom,
        p1_0.telephone 
    from
        patients p1_0 
    where
        p1_0.id=?
Hibernate: 
    select
        p1_0.id,
        p1_0.adresse,
        p1_0.cin,
        p1_0.created_at,
        p1_0.date_naissance,
        p1_0.nom,
        p1_0.prenom,
        p1_0.telephone 
    from
        patients p1_0
Hibernate: 
    select
        u1_0.id,
        u1_0.email,
        u1_0.enabled,
        u1_0.nom,
        u1_0.password,
        u1_0.role 
    from
        users u1_0
Hibernate: 
    select
        u1_0.id,
        u1_0.email,
        u1_0.enabled,
        u1_0.nom,
        u1_0.password,
        u1_0.role 
    from
        users u1_0
Hibernate: 
    select
        coalesce(sum(p1_0.montant), 0) 
    from
        paiements p1_0 
    where
        p1_0.date between ? and ?
Hibernate: 
    select
        coalesce(sum(p1_0.montant), 0) 
    from
        paiements p1_0 
    where
        p1_0.date between ? and ?
Hibernate: 
    select
        month(p1_0.date),
        coalesce(sum(p1_0.montant), 0) 
    from
        paiements p1_0 
    where
        year(p1_0.date)=? 
    group by
        month(p1_0.date) 
    order by
        month(p1_0.date)
Hibernate: 
    select
        p1_0.id,
        p1_0.created_at,
        p1_0.date,
        p1_0.mode_paiement,
        p1_0.montant,
        p1_0.notes,
        p1_0.rendez_vous_id,
        p1_0.statut 
    from
        paiements p1_0
Hibernate: 
    select
        rv1_0.id,
        rv1_0.created_at,
        rv1_0.date,
        rv1_0.heure,
        rv1_0.medecin_id,
        m1_0.id,
        m1_0.email,
        m1_0.enabled,
        m1_0.nom,
        m1_0.password,
        m1_0.role,
        rv1_0.patient_id,
        p1_0.id,
        p1_0.adresse,
        p1_0.cin,
        p1_0.created_at,
        p1_0.date_naissance,
        p1_0.nom,
        p1_0.prenom,
        p1_0.telephone,
        rv1_0.statut,
        rv1_0.topic 
    from
        rendez_vous rv1_0 
    join
        users m1_0 
            on m1_0.id=rv1_0.medecin_id 
    join
        patients p1_0 
            on p1_0.id=rv1_0.patient_id 
    where
        rv1_0.id=?
Hibernate: 
    select
        rv1_0.id,
        rv1_0.created_at,
        rv1_0.date,
        rv1_0.heure,
        rv1_0.medecin_id,
        m1_0.id,
        m1_0.email,
        m1_0.enabled,
        m1_0.nom,
        m1_0.password,
        m1_0.role,
        rv1_0.patient_id,
        p1_0.id,
        p1_0.adresse,
        p1_0.cin,
        p1_0.created_at,
        p1_0.date_naissance,
        p1_0.nom,
        p1_0.prenom,
        p1_0.telephone,
        rv1_0.statut,
        rv1_0.topic 
    from
        rendez_vous rv1_0 
    join
        users m1_0 
            on m1_0.id=rv1_0.medecin_id 
    join
        patients p1_0 
            on p1_0.id=rv1_0.patient_id 
    where
        rv1_0.id=?
Hibernate: 
    select
        rv1_0.id,
        rv1_0.created_at,
        rv1_0.date,
        rv1_0.heure,
        rv1_0.medecin_id,
        m1_0.id,
        m1_0.email,
        m1_0.enabled,
        m1_0.nom,
        m1_0.password,
        m1_0.role,
        rv1_0.patient_id,
        p1_0.id,
        p1_0.adresse,
        p1_0.cin,
        p1_0.created_at,
        p1_0.date_naissance,
        p1_0.nom,
        p1_0.prenom,
        p1_0.telephone,
        rv1_0.statut,
        rv1_0.topic 
    from
        rendez_vous rv1_0 
    join
        users m1_0 
            on m1_0.id=rv1_0.medecin_id 
    join
        patients p1_0 
            on p1_0.id=rv1_0.patient_id 
    where
        rv1_0.id=?
Hibernate: 
    select
        rv1_0.id,
        rv1_0.created_at,
        rv1_0.date,
        rv1_0.heure,
        rv1_0.medecin_id,
        m1_0.id,
        m1_0.email,
        m1_0.enabled,
        m1_0.nom,
        m1_0.password,
        m1_0.role,
        rv1_0.patient_id,
        p1_0.id,
        p1_0.adresse,
        p1_0.cin,
        p1_0.created_at,
        p1_0.date_naissance,
        p1_0.nom,
        p1_0.prenom,
        p1_0.telephone,
        rv1_0.statut,
        rv1_0.topic 
    from
        rendez_vous rv1_0 
    join
        users m1_0 
            on m1_0.id=rv1_0.medecin_id 
    join
        patients p1_0 
            on p1_0.id=rv1_0.patient_id 
    where
        rv1_0.id=?
Hibernate: 
    select
        rv1_0.id,
        rv1_0.created_at,
        rv1_0.date,
        rv1_0.heure,
        rv1_0.medecin_id,
        m1_0.id,
        m1_0.email,
        m1_0.enabled,
        m1_0.nom,
        m1_0.password,
        m1_0.role,
        rv1_0.patient_id,
        p1_0.id,
        p1_0.adresse,
        p1_0.cin,
        p1_0.created_at,
        p1_0.date_naissance,
        p1_0.nom,
        p1_0.prenom,
        p1_0.telephone,
        rv1_0.statut,
        rv1_0.topic 
    from
        rendez_vous rv1_0 
    join
        users m1_0 
            on m1_0.id=rv1_0.medecin_id 
    join
        patients p1_0 
            on p1_0.id=rv1_0.patient_id 
    where
        rv1_0.id=?
Hibernate: 
    select
        rv1_0.id,
        rv1_0.created_at,
        rv1_0.date,
        rv1_0.heure,
        rv1_0.medecin_id,
        rv1_0.patient_id,
        rv1_0.statut,
        rv1_0.topic 
    from
        rendez_vous rv1_0
Hibernate: 
    select
        u1_0.id,
        u1_0.email,
        u1_0.enabled,
        u1_0.nom,
        u1_0.password,
        u1_0.role 
    from
        users u1_0 
    where
        u1_0.id=?
Hibernate: 
    select
        p1_0.id,
        p1_0.adresse,
        p1_0.cin,
        p1_0.created_at,
        p1_0.date_naissance,
        p1_0.nom,
        p1_0.prenom,
        p1_0.telephone 
    from
        patients p1_0 
    where
        p1_0.id=?
Hibernate: 
    select
        p1_0.id,
        p1_0.adresse,
        p1_0.cin,
        p1_0.created_at,
        p1_0.date_naissance,
        p1_0.nom,
        p1_0.prenom,
        p1_0.telephone 
    from
        patients p1_0 
    where
        p1_0.id=?
Hibernate: 
    select
        p1_0.id,
        p1_0.adresse,
        p1_0.cin,
        p1_0.created_at,
        p1_0.date_naissance,
        p1_0.nom,
        p1_0.prenom,
        p1_0.telephone 
    from
        patients p1_0 
    where
        p1_0.id=?
Hibernate: 
    select
        p1_0.id,
        p1_0.adresse,
        p1_0.cin,
        p1_0.created_at,
        p1_0.date_naissance,
        p1_0.nom,
        p1_0.prenom,
        p1_0.telephone 
    from
        patients p1_0 
    where
        p1_0.id=?
Hibernate: 
    select
        p1_0.id,
        p1_0.adresse,
        p1_0.cin,
        p1_0.created_at,
        p1_0.date_naissance,
        p1_0.nom,
        p1_0.prenom,
        p1_0.telephone 
    from
        patients p1_0 
    where
        p1_0.id=?
Hibernate: 
    select
        p1_0.id,
        p1_0.adresse,
        p1_0.cin,
        p1_0.created_at,
        p1_0.date_naissance,
        p1_0.nom,
        p1_0.prenom,
        p1_0.telephone 
    from
        patients p1_0 
    where
        p1_0.id=?
Hibernate: 
    select
        p1_0.id,
        p1_0.adresse,
        p1_0.cin,
        p1_0.created_at,
        p1_0.date_naissance,
        p1_0.nom,
        p1_0.prenom,
        p1_0.telephone 
    from
        patients p1_0 
    where
        p1_0.id=?
Hibernate: 
    select
        p1_0.id,
        p1_0.adresse,
        p1_0.cin,
        p1_0.created_at,
        p1_0.date_naissance,
        p1_0.nom,
        p1_0.prenom,
        p1_0.telephone 
    from
        patients p1_0 
    where
        p1_0.id=?
Hibernate: 
    select
        p1_0.id,
        p1_0.adresse,
        p1_0.cin,
        p1_0.created_at,
        p1_0.date_naissance,
        p1_0.nom,
        p1_0.prenom,
        p1_0.telephone 
    from
        patients p1_0 
    where
        p1_0.id=?
Hibernate: 
    select
        p1_0.id,
        p1_0.adresse,
        p1_0.cin,
        p1_0.created_at,
        p1_0.date_naissance,
        p1_0.nom,
        p1_0.prenom,
        p1_0.telephone 
    from
        patients p1_0 
    where
        p1_0.id=?
Hibernate: 
    select
        rv1_0.id,
        rv1_0.created_at,
        rv1_0.date,
        rv1_0.heure,
        rv1_0.medecin_id,
        rv1_0.patient_id,
        rv1_0.statut,
        rv1_0.topic 
    from
        rendez_vous rv1_0
Hibernate: 
    select
        u1_0.id,
        u1_0.email,
        u1_0.enabled,
        u1_0.nom,
        u1_0.password,
        u1_0.role 
    from
        users u1_0 
    where
        u1_0.id=?
Hibernate: 
    select
        p1_0.id,
        p1_0.adresse,
        p1_0.cin,
        p1_0.created_at,
        p1_0.date_naissance,
        p1_0.nom,
        p1_0.prenom,
        p1_0.telephone 
    from
        patients p1_0 
    where
        p1_0.id=?
Hibernate: 
    select
        p1_0.id,
        p1_0.adresse,
        p1_0.cin,
        p1_0.created_at,
        p1_0.date_naissance,
        p1_0.nom,
        p1_0.prenom,
        p1_0.telephone 
    from
        patients p1_0 
    where
        p1_0.id=?
Hibernate: 
    select
        p1_0.id,
        p1_0.adresse,
        p1_0.cin,
        p1_0.created_at,
        p1_0.date_naissance,
        p1_0.nom,
        p1_0.prenom,
        p1_0.telephone 
    from
        patients p1_0 
    where
        p1_0.id=?
Hibernate: 
    select
        p1_0.id,
        p1_0.adresse,
        p1_0.cin,
        p1_0.created_at,
        p1_0.date_naissance,
        p1_0.nom,
        p1_0.prenom,
        p1_0.telephone 
    from
        patients p1_0 
    where
        p1_0.id=?
Hibernate: 
    select
        p1_0.id,
        p1_0.adresse,
        p1_0.cin,
        p1_0.created_at,
        p1_0.date_naissance,
        p1_0.nom,
        p1_0.prenom,
        p1_0.telephone 
    from
        patients p1_0 
    where
        p1_0.id=?
Hibernate: 
    select
        p1_0.id,
        p1_0.adresse,
        p1_0.cin,
        p1_0.created_at,
        p1_0.date_naissance,
        p1_0.nom,
        p1_0.prenom,
        p1_0.telephone 
    from
        patients p1_0 
    where
        p1_0.id=?
Hibernate: 
    select
        p1_0.id,
        p1_0.adresse,
        p1_0.cin,
        p1_0.created_at,
        p1_0.date_naissance,
        p1_0.nom,
        p1_0.prenom,
        p1_0.telephone 
    from
        patients p1_0 
    where
        p1_0.id=?
Hibernate: 
    select
        p1_0.id,
        p1_0.adresse,
        p1_0.cin,
        p1_0.created_at,
        p1_0.date_naissance,
        p1_0.nom,
        p1_0.prenom,
        p1_0.telephone 
    from
        patients p1_0 
    where
        p1_0.id=?
Hibernate: 
    select
        p1_0.id,
        p1_0.adresse,
        p1_0.cin,
        p1_0.created_at,
        p1_0.date_naissance,
        p1_0.nom,
        p1_0.prenom,
        p1_0.telephone 
    from
        patients p1_0 
    where
        p1_0.id=?
Hibernate: 
    select
        p1_0.id,
        p1_0.adresse,
        p1_0.cin,
        p1_0.created_at,
        p1_0.date_naissance,
        p1_0.nom,
        p1_0.prenom,
        p1_0.telephone 
    from
        patients p1_0 
    where
        p1_0.id=?
Hibernate: 
    select
        p1_0.id,
        p1_0.created_at,
        p1_0.date,
        p1_0.mode_paiement,
        p1_0.montant,
        p1_0.notes,
        p1_0.rendez_vous_id,
        p1_0.statut 
    from
        paiements p1_0 
    where
        p1_0.date between ? and ? 
    order by
        p1_0.date
Hibernate: 
    select
        rv1_0.id,
        rv1_0.created_at,
        rv1_0.date,
        rv1_0.heure,
        rv1_0.medecin_id,
        m1_0.id,
        m1_0.email,
        m1_0.enabled,
        m1_0.nom,
        m1_0.password,
        m1_0.role,
        rv1_0.patient_id,
        p1_0.id,
        p1_0.adresse,
        p1_0.cin,
        p1_0.created_at,
        p1_0.date_naissance,
        p1_0.nom,
        p1_0.prenom,
        p1_0.telephone,
        rv1_0.statut,
        rv1_0.topic 
    from
        rendez_vous rv1_0 
    join
        users m1_0 
            on m1_0.id=rv1_0.medecin_id 
    join
        patients p1_0 
            on p1_0.id=rv1_0.patient_id 
    where
        rv1_0.id=?
Hibernate: 
    select
        rv1_0.id,
        rv1_0.created_at,
        rv1_0.date,
        rv1_0.heure,
        rv1_0.medecin_id,
        m1_0.id,
        m1_0.email,
        m1_0.enabled,
        m1_0.nom,
        m1_0.password,
        m1_0.role,
        rv1_0.patient_id,
        p1_0.id,
        p1_0.adresse,
        p1_0.cin,
        p1_0.created_at,
        p1_0.date_naissance,
        p1_0.nom,
        p1_0.prenom,
        p1_0.telephone,
        rv1_0.statut,
        rv1_0.topic 
    from
        rendez_vous rv1_0 
    join
        users m1_0 
            on m1_0.id=rv1_0.medecin_id 
    join
        patients p1_0 
            on p1_0.id=rv1_0.patient_id 
    where
        rv1_0.id=?
Hibernate: 
    select
        rv1_0.id,
        rv1_0.created_at,
        rv1_0.date,
        rv1_0.heure,
        rv1_0.medecin_id,
        m1_0.id,
        m1_0.email,
        m1_0.enabled,
        m1_0.nom,
        m1_0.password,
        m1_0.role,
        rv1_0.patient_id,
        p1_0.id,
        p1_0.adresse,
        p1_0.cin,
        p1_0.created_at,
        p1_0.date_naissance,
        p1_0.nom,
        p1_0.prenom,
        p1_0.telephone,
        rv1_0.statut,
        rv1_0.topic 
    from
        rendez_vous rv1_0 
    join
        users m1_0 
            on m1_0.id=rv1_0.medecin_id 
    join
        patients p1_0 
            on p1_0.id=rv1_0.patient_id 
    where
        rv1_0.id=?
Hibernate: 
    select
        rv1_0.id,
        rv1_0.created_at,
        rv1_0.date,
        rv1_0.heure,
        rv1_0.medecin_id,
        m1_0.id,
        m1_0.email,
        m1_0.enabled,
        m1_0.nom,
        m1_0.password,
        m1_0.role,
        rv1_0.patient_id,
        p1_0.id,
        p1_0.adresse,
        p1_0.cin,
        p1_0.created_at,
        p1_0.date_naissance,
        p1_0.nom,
        p1_0.prenom,
        p1_0.telephone,
        rv1_0.statut,
        rv1_0.topic 
    from
        rendez_vous rv1_0 
    join
        users m1_0 
            on m1_0.id=rv1_0.medecin_id 
    join
        patients p1_0 
            on p1_0.id=rv1_0.patient_id 
    where
        rv1_0.id=?
Hibernate: 
    select
        rv1_0.id,
        rv1_0.created_at,
        rv1_0.date,
        rv1_0.heure,
        rv1_0.medecin_id,
        m1_0.id,
        m1_0.email,
        m1_0.enabled,
        m1_0.nom,
        m1_0.password,
        m1_0.role,
        rv1_0.patient_id,
        p1_0.id,
        p1_0.adresse,
        p1_0.cin,
        p1_0.created_at,
        p1_0.date_naissance,
        p1_0.nom,
        p1_0.prenom,
        p1_0.telephone,
        rv1_0.statut,
        rv1_0.topic 
    from
        rendez_vous rv1_0 
    join
        users m1_0 
            on m1_0.id=rv1_0.medecin_id 
    join
        patients p1_0 
            on p1_0.id=rv1_0.patient_id 
    where
        rv1_0.id=?
2026-06-06T21:37:14.999+01:00  WARN 15412 --- [clemedice-backend] [l-1 housekeeper] com.zaxxer.hikari.pool.HikariPool        : HikariPool-1 - Thread starvation or clock leap detected (housekeeper delta=45m35s45ms568µs300ns).
Hibernate: 
    select
        p1_0.id,
        p1_0.adresse,
        p1_0.cin,
        p1_0.created_at,
        p1_0.date_naissance,
        p1_0.nom,
        p1_0.prenom,
        p1_0.telephone 
    from
        patients p1_0
Hibernate: 
    select
        rv1_0.id,
        rv1_0.created_at,
        rv1_0.date,
        rv1_0.heure,
        rv1_0.medecin_id,
        rv1_0.patient_id,
        rv1_0.statut,
        rv1_0.topic 
    from
        rendez_vous rv1_0
Hibernate: 
    select
        u1_0.id,
        u1_0.email,
        u1_0.enabled,
        u1_0.nom,
        u1_0.password,
        u1_0.role 
    from
        users u1_0 
    where
        u1_0.id=?
Hibernate: 
    select
        p1_0.id,
        p1_0.adresse,
        p1_0.cin,
        p1_0.created_at,
        p1_0.date_naissance,
        p1_0.nom,
        p1_0.prenom,
        p1_0.telephone 
    from
        patients p1_0 
    where
        p1_0.id=?
Hibernate: 
    select
        p1_0.id,
        p1_0.adresse,
        p1_0.cin,
        p1_0.created_at,
        p1_0.date_naissance,
        p1_0.nom,
        p1_0.prenom,
        p1_0.telephone 
    from
        patients p1_0 
    where
        p1_0.id=?
Hibernate: 
    select
        p1_0.id,
        p1_0.adresse,
        p1_0.cin,
        p1_0.created_at,
        p1_0.date_naissance,
        p1_0.nom,
        p1_0.prenom,
        p1_0.telephone 
    from
        patients p1_0 
    where
        p1_0.id=?
Hibernate: 
    select
        p1_0.id,
        p1_0.adresse,
        p1_0.cin,
        p1_0.created_at,
        p1_0.date_naissance,
        p1_0.nom,
        p1_0.prenom,
        p1_0.telephone 
    from
        patients p1_0 
    where
        p1_0.id=?
Hibernate: 
    select
        p1_0.id,
        p1_0.adresse,
        p1_0.cin,
        p1_0.created_at,
        p1_0.date_naissance,
        p1_0.nom,
        p1_0.prenom,
        p1_0.telephone 
    from
        patients p1_0 
    where
        p1_0.id=?
Hibernate: 
    select
        p1_0.id,
        p1_0.adresse,
        p1_0.cin,
        p1_0.created_at,
        p1_0.date_naissance,
        p1_0.nom,
        p1_0.prenom,
        p1_0.telephone 
    from
        patients p1_0 
    where
        p1_0.id=?
Hibernate: 
    select
        p1_0.id,
        p1_0.adresse,
        p1_0.cin,
        p1_0.created_at,
        p1_0.date_naissance,
        p1_0.nom,
        p1_0.prenom,
        p1_0.telephone 
    from
        patients p1_0 
    where
        p1_0.id=?
Hibernate: 
    select
        p1_0.id,
        p1_0.adresse,
        p1_0.cin,
        p1_0.created_at,
        p1_0.date_naissance,
        p1_0.nom,
        p1_0.prenom,
        p1_0.telephone 
    from
        patients p1_0 
    where
        p1_0.id=?
Hibernate: 
    select
        p1_0.id,
        p1_0.adresse,
        p1_0.cin,
        p1_0.created_at,
        p1_0.date_naissance,
        p1_0.nom,
        p1_0.prenom,
        p1_0.telephone 
    from
        patients p1_0 
    where
        p1_0.id=?
Hibernate: 
    select
        p1_0.id,
        p1_0.adresse,
        p1_0.cin,
        p1_0.created_at,
        p1_0.date_naissance,
        p1_0.nom,
        p1_0.prenom,
        p1_0.telephone 
    from
        patients p1_0 
    where
        p1_0.id=?
Hibernate: 
    select
        coalesce(sum(p1_0.montant), 0) 
    from
        paiements p1_0 
    where
        p1_0.date between ? and ?
Hibernate: 
    select
        coalesce(sum(p1_0.montant), 0) 
    from
        paiements p1_0 
    where
        p1_0.date between ? and ?
Hibernate: 
    select
        month(p1_0.date),
        coalesce(sum(p1_0.montant), 0) 
    from
        paiements p1_0 
    where
        year(p1_0.date)=? 
    group by
        month(p1_0.date) 
    order by
        month(p1_0.date)
Hibernate: 
    select
        p1_0.id,
        p1_0.created_at,
        p1_0.date,
        p1_0.mode_paiement,
        p1_0.montant,
        p1_0.notes,
        p1_0.rendez_vous_id,
        p1_0.statut 
    from
        paiements p1_0
Hibernate: 
    select
        rv1_0.id,
        rv1_0.created_at,
        rv1_0.date,
        rv1_0.heure,
        rv1_0.medecin_id,
        m1_0.id,
        m1_0.email,
        m1_0.enabled,
        m1_0.nom,
        m1_0.password,
        m1_0.role,
        rv1_0.patient_id,
        p1_0.id,
        p1_0.adresse,
        p1_0.cin,
        p1_0.created_at,
        p1_0.date_naissance,
        p1_0.nom,
        p1_0.prenom,
        p1_0.telephone,
        rv1_0.statut,
        rv1_0.topic 
    from
        rendez_vous rv1_0 
    join
        users m1_0 
            on m1_0.id=rv1_0.medecin_id 
    join
        patients p1_0 
            on p1_0.id=rv1_0.patient_id 
    where
        rv1_0.id=?
Hibernate: 
    select
        rv1_0.id,
        rv1_0.created_at,
        rv1_0.date,
        rv1_0.heure,
        rv1_0.medecin_id,
        m1_0.id,
        m1_0.email,
        m1_0.enabled,
        m1_0.nom,
        m1_0.password,
        m1_0.role,
        rv1_0.patient_id,
        p1_0.id,
        p1_0.adresse,
        p1_0.cin,
        p1_0.created_at,
        p1_0.date_naissance,
        p1_0.nom,
        p1_0.prenom,
        p1_0.telephone,
        rv1_0.statut,
        rv1_0.topic 
    from
        rendez_vous rv1_0 
    join
        users m1_0 
            on m1_0.id=rv1_0.medecin_id 
    join
        patients p1_0 
            on p1_0.id=rv1_0.patient_id 
    where
        rv1_0.id=?
Hibernate: 
    select
        rv1_0.id,
        rv1_0.created_at,
        rv1_0.date,
        rv1_0.heure,
        rv1_0.medecin_id,
        m1_0.id,
        m1_0.email,
        m1_0.enabled,
        m1_0.nom,
        m1_0.password,
        m1_0.role,
        rv1_0.patient_id,
        p1_0.id,
        p1_0.adresse,
        p1_0.cin,
        p1_0.created_at,
        p1_0.date_naissance,
        p1_0.nom,
        p1_0.prenom,
        p1_0.telephone,
        rv1_0.statut,
        rv1_0.topic 
    from
        rendez_vous rv1_0 
    join
        users m1_0 
            on m1_0.id=rv1_0.medecin_id 
    join
        patients p1_0 
            on p1_0.id=rv1_0.patient_id 
    where
        rv1_0.id=?
Hibernate: 
    select
        rv1_0.id,
        rv1_0.created_at,
        rv1_0.date,
        rv1_0.heure,
        rv1_0.medecin_id,
        m1_0.id,
        m1_0.email,
        m1_0.enabled,
        m1_0.nom,
        m1_0.password,
        m1_0.role,
        rv1_0.patient_id,
        p1_0.id,
        p1_0.adresse,
        p1_0.cin,
        p1_0.created_at,
        p1_0.date_naissance,
        p1_0.nom,
        p1_0.prenom,
        p1_0.telephone,
        rv1_0.statut,
        rv1_0.topic 
    from
        rendez_vous rv1_0 
    join
        users m1_0 
            on m1_0.id=rv1_0.medecin_id 
    join
        patients p1_0 
            on p1_0.id=rv1_0.patient_id 
    where
        rv1_0.id=?
Hibernate: 
    select
        rv1_0.id,
        rv1_0.created_at,
        rv1_0.date,
        rv1_0.heure,
        rv1_0.medecin_id,
        m1_0.id,
        m1_0.email,
        m1_0.enabled,
        m1_0.nom,
        m1_0.password,
        m1_0.role,
        rv1_0.patient_id,
        p1_0.id,
        p1_0.adresse,
        p1_0.cin,
        p1_0.created_at,
        p1_0.date_naissance,
        p1_0.nom,
        p1_0.prenom,
        p1_0.telephone,
        rv1_0.statut,
        rv1_0.topic 
    from
        rendez_vous rv1_0 
    join
        users m1_0 
            on m1_0.id=rv1_0.medecin_id 
    join
        patients p1_0 
            on p1_0.id=rv1_0.patient_id 
    where
        rv1_0.id=?
Hibernate: 
    select
        p1_0.id,
        p1_0.adresse,
        p1_0.cin,
        p1_0.created_at,
        p1_0.date_naissance,
        p1_0.nom,
        p1_0.prenom,
        p1_0.telephone 
    from
        patients p1_0
Hibernate: 
    select
        rv1_0.id,
        rv1_0.created_at,
        rv1_0.date,
        rv1_0.heure,
        rv1_0.medecin_id,
        rv1_0.patient_id,
        rv1_0.statut,
        rv1_0.topic 
    from
        rendez_vous rv1_0
Hibernate: 
    select
        u1_0.id,
        u1_0.email,
        u1_0.enabled,
        u1_0.nom,
        u1_0.password,
        u1_0.role 
    from
        users u1_0 
    where
        u1_0.id=?
Hibernate: 
    select
        p1_0.id,
        p1_0.adresse,
        p1_0.cin,
        p1_0.created_at,
        p1_0.date_naissance,
        p1_0.nom,
        p1_0.prenom,
        p1_0.telephone 
    from
        patients p1_0 
    where
        p1_0.id=?
Hibernate: 
    select
        p1_0.id,
        p1_0.adresse,
        p1_0.cin,
        p1_0.created_at,
        p1_0.date_naissance,
        p1_0.nom,
        p1_0.prenom,
        p1_0.telephone 
    from
        patients p1_0 
    where
        p1_0.id=?
Hibernate: 
    select
        p1_0.id,
        p1_0.adresse,
        p1_0.cin,
        p1_0.created_at,
        p1_0.date_naissance,
        p1_0.nom,
        p1_0.prenom,
        p1_0.telephone 
    from
        patients p1_0 
    where
        p1_0.id=?
Hibernate: 
    select
        p1_0.id,
        p1_0.adresse,
        p1_0.cin,
        p1_0.created_at,
        p1_0.date_naissance,
        p1_0.nom,
        p1_0.prenom,
        p1_0.telephone 
    from
        patients p1_0 
    where
        p1_0.id=?
Hibernate: 
    select
        p1_0.id,
        p1_0.adresse,
        p1_0.cin,
        p1_0.created_at,
        p1_0.date_naissance,
        p1_0.nom,
        p1_0.prenom,
        p1_0.telephone 
    from
        patients p1_0 
    where
        p1_0.id=?
Hibernate: 
    select
        p1_0.id,
        p1_0.adresse,
        p1_0.cin,
        p1_0.created_at,
        p1_0.date_naissance,
        p1_0.nom,
        p1_0.prenom,
        p1_0.telephone 
    from
        patients p1_0 
    where
        p1_0.id=?
Hibernate: 
    select
        p1_0.id,
        p1_0.adresse,
        p1_0.cin,
        p1_0.created_at,
        p1_0.date_naissance,
        p1_0.nom,
        p1_0.prenom,
        p1_0.telephone 
    from
        patients p1_0 
    where
        p1_0.id=?
Hibernate: 
    select
        p1_0.id,
        p1_0.adresse,
        p1_0.cin,
        p1_0.created_at,
        p1_0.date_naissance,
        p1_0.nom,
        p1_0.prenom,
        p1_0.telephone 
    from
        patients p1_0 
    where
        p1_0.id=?
Hibernate: 
    select
        p1_0.id,
        p1_0.adresse,
        p1_0.cin,
        p1_0.created_at,
        p1_0.date_naissance,
        p1_0.nom,
        p1_0.prenom,
        p1_0.telephone 
    from
        patients p1_0 
    where
        p1_0.id=?
Hibernate: 
    select
        p1_0.id,
        p1_0.adresse,
        p1_0.cin,
        p1_0.created_at,
        p1_0.date_naissance,
        p1_0.nom,
        p1_0.prenom,
        p1_0.telephone 
    from
        patients p1_0 
    where
        p1_0.id=?
